// Jest Snapshot v1, https://goo.gl/fbAQLP

exports[`Select Component Should renders correctly with placeholder 1`] = `
<View
  style={
    [
      {
        "position": "relative",
      },
      undefined,
      undefined,
    ]
  }
>
  <View
    accessibilityState={
      {
        "busy": undefined,
        "checked": undefined,
        "disabled": undefined,
        "expanded": undefined,
        "selected": undefined,
      }
    }
    accessibilityValue={
      {
        "max": undefined,
        "min": undefined,
        "now": undefined,
        "text": undefined,
      }
    }
    accessible={true}
    collapsable={false}
    focusable={true}
    onClick={[Function]}
    onResponderGrant={[Function]}
    onResponderMove={[Function]}
    onResponderRelease={[Function]}
    onResponderTerminate={[Function]}
    onResponderTerminationRequest={[Function]}
    onStartShouldSetResponder={[Function]}
    style={
      {
        "alignItems": "center",
        "flexDirection": "row",
        "justifyContent": "space-between",
        "opacity": 1,
        "padding": 12,
      }
    }
    testID="select-box"
  >
    <TextInput
      editable={false}
      placeholder="Select an option"
      style={
        {
          "color": "#4f4f4f",
          "fontWeight": "500",
          "lineHeight": 14,
        }
      }
      value=""
    />
    <RNSVGSvgView
      align="xMidYMid"
      bbHeight={4}
      bbWidth={9}
      color="#4f4f4f"
      focusable={false}
      height={4}
      meetOrSlice={0}
      minX={0}
      minY={0}
      style={
        [
          {
            "backgroundColor": "transparent",
            "borderWidth": 0,
          },
          {
            "flex": 0,
            "height": 4,
            "width": 9,
          },
        ]
      }
      tintColor="#4f4f4f"
      vbHeight={4}
      vbWidth={9}
      width={9}
    >
      <RNSVGGroup
        fill={
          {
            "payload": 4278190080,
            "type": 0,
          }
        }
      >
        <RNSVGPath
          clipRule={0}
          d="M8.47396 0C8.65786 0 8.74428 0.227303 8.60683 0.349482L4.63287 3.88189C4.5571 3.94925 4.4429 3.94925 4.36713 3.88189L0.393167 0.349482C0.255716 0.227303 0.342136 0 0.52604 0H8.47396Z"
          fill={
            {
              "type": 2,
            }
          }
          fillRule={0}
          propList={
            [
              "fill",
              "fillRule",
            ]
          }
        />
      </RNSVGGroup>
    </RNSVGSvgView>
  </View>
</View>
`;
